// Jest Snapshot v1, https://goo.gl/fbAQLP

exports[`About matches snapshot 1`] = `"<div class=\\"layout\\"><main class=\\"main\\"><header class=\\"header\\"><a class=\\"hover:no-underline hover:text-slate-500 active:text-slate-600 font-medium text-slate-400 self-start -m-1\\"><h2 class=\\"text-3xl \\">Dan Molloy</h2></a><button class=\\"menu-icon\\" data-testid=\\"menu-icon\\"><svg width=\\"30\\" height=\\"22\\" class=\\"m-2\\"><rect style=\\"transform: scaleX(1) translate(0px, 0px) rotate(0deg);\\" width=\\"30\\" height=\\"2\\" rx=\\"2\\"></rect><rect style=\\"opacity: 1;\\" y=\\"8\\" width=\\"30\\" height=\\"2\\" rx=\\"2\\"></rect><rect style=\\"transform: scaleX(1) translate(0px, 0px) rotate(0deg);\\" y=\\"17\\" width=\\"30\\" height=\\"2\\" rx=\\"2\\"></rect></svg></button></header><div class=\\"body\\"><h1 class=\\"title\\">About</h1><div class=\\"img-container\\"><span style=\\"box-sizing: border-box; display: inline-block; overflow: hidden; background: none; opacity: 1; border: 0px; margin: 0px; padding: 0px; position: relative; max-width: 100%;\\"><span style=\\"box-sizing: border-box; display: block; background: none; opacity: 1; border: 0px; margin: 0px; padding: 0px; max-width: 100%;\\"><img style=\\"display: block; max-width: 100%; background: none; opacity: 1; border: 0px; margin: 0px; padding: 0px;\\" alt=\\"\\" aria-hidden=\\"true\\" src=\\"data:image/svg+xml,%3csvg%20xmlns=%27http://www.w3.org/2000/svg%27%20version=%271.1%27%20width=%273024%27%20height=%274032%27/%3e\\"></span><img src=\\"data:image/gif;base64,R0lGODlhAQABAIAAAAAAAP///yH5BAEAAAAALAAAAAABAAEAAAIBRAA7\\" decoding=\\"async\\" data-nimg=\\"intrinsic\\" style=\\"position: absolute; top: 0px; left: 0px; bottom: 0px; right: 0px; box-sizing: border-box; padding: 0px; margin: auto; display: block; width: 0px; height: 0px; min-width: 100%; max-width: 100%; min-height: 100%; max-height: 100%;\\"><noscript></noscript></span></div><article><p>I was born in Brisbane, Australia, although for most of my childhood I lived on the Gold Coast. I studied classical double bass at Queensland Conservatorium, and having moved to London in 2014, at Guildhall School of Music &amp; Drama.</p><br><p>Since finishing my studies, I've enjoyed a rewarding career as a freelance orchestral bassist. I perform with some of the leading ensembles in London, such as the BBC Symphony, London Symphony and Royal Philharmonic Orchestras. One of my favourite avenues of work is commercial recordings - I'm on a variety of film and television soundtracks such as <i>The Crown</i>, <i>Downton Abbey</i> and David Attenborough's <i>Seven Worlds, One Planet</i>.</p><br><p>I'm also an enthusiastic private music teacher, putting students through exams of all levels, as well as preparing them for scholarship exams and recitals.</p><br><p>Since 2020, I’ve spent my free time learning web development. You can find a sample of my projects on the&nbsp;<a class=\\"blue-links\\">Web Projects page</a>.</p><br><p>Away from music and coding, I’m actively involved at Dulwich Squash Club.</p><br><p>You can view my music CV and book me at <a class=\\"blue-links\\">Musicians Answering Service</a>, or send me a message via the <a class=\\"blue-links\\">Contact page</a>.</p></article></div></main><footer class=\\"footer\\"><a target=\\"_blank\\"><svg stroke=\\"currentColor\\" fill=\\"currentColor\\" stroke-width=\\"0\\" viewBox=\\"0 0 1024 1024\\" class=\\"react-icons\\" height=\\"1em\\" width=\\"1em\\" xmlns=\\"http://www.w3.org/2000/svg\\"><path d=\\"M511.6 76.3C264.3 76.2 64 276.4 64 523.5 64 718.9 189.3 885 363.8 946c23.5 5.9 19.9-10.8 19.9-22.2v-77.5c-135.7 15.9-141.2-73.9-150.3-88.9C215 726 171.5 718 184.5 703c30.9-15.9 62.4 4 98.9 57.9 26.4 39.1 77.9 32.5 104 26 5.7-23.5 17.9-44.5 34.7-60.8-140.6-25.2-199.2-111-199.2-213 0-49.5 16.3-95 48.3-131.7-20.4-60.5 1.9-112.3 4.9-120 58.1-5.2 118.5 41.6 123.2 45.3 33-8.9 70.7-13.6 112.9-13.6 42.4 0 80.2 4.9 113.5 13.9 11.3-8.6 67.3-48.8 121.3-43.9 2.9 7.7 24.7 58.3 5.5 118 32.4 36.8 48.9 82.7 48.9 132.3 0 102.2-59 188.1-200 212.9a127.5 127.5 0 0 1 38.1 91v112.5c.8 9 0 17.9 15 17.9 177.1-59.7 304.6-227 304.6-424.1 0-247.2-200.4-447.3-447.5-447.3z\\"></path></svg></a><a target=\\"_blank\\"><svg stroke=\\"currentColor\\" fill=\\"currentColor\\" stroke-width=\\"0\\" viewBox=\\"0 0 1024 1024\\" class=\\"react-icons\\" height=\\"1em\\" width=\\"1em\\" xmlns=\\"http://www.w3.org/2000/svg\\"><path d=\\"M928 254.3c-30.6 13.2-63.9 22.7-98.2 26.4a170.1 170.1 0 0 0 75-94 336.64 336.64 0 0 1-108.2 41.2A170.1 170.1 0 0 0 672 174c-94.5 0-170.5 76.6-170.5 170.6 0 13.2 1.6 26.4 4.2 39.1-141.5-7.4-267.7-75-351.6-178.5a169.32 169.32 0 0 0-23.2 86.1c0 59.2 30.1 111.4 76 142.1a172 172 0 0 1-77.1-21.7v2.1c0 82.9 58.6 151.6 136.7 167.4a180.6 180.6 0 0 1-44.9 5.8c-11.1 0-21.6-1.1-32.2-2.6C211 652 273.9 701.1 348.8 702.7c-58.6 45.9-132 72.9-211.7 72.9-14.3 0-27.5-.5-41.2-2.1C171.5 822 261.2 850 357.8 850 671.4 850 843 590.2 843 364.7c0-7.4 0-14.8-.5-22.2 33.2-24.3 62.3-54.4 85.5-88.2z\\"></path></svg></a><a target=\\"_blank\\"><svg stroke=\\"currentColor\\" fill=\\"currentColor\\" stroke-width=\\"0\\" viewBox=\\"0 0 1024 1024\\" class=\\"react-icons\\" height=\\"1em\\" width=\\"1em\\" xmlns=\\"http://www.w3.org/2000/svg\\"><path d=\\"M512 306.9c-113.5 0-205.1 91.6-205.1 205.1S398.5 717.1 512 717.1 717.1 625.5 717.1 512 625.5 306.9 512 306.9zm0 338.4c-73.4 0-133.3-59.9-133.3-133.3S438.6 378.7 512 378.7 645.3 438.6 645.3 512 585.4 645.3 512 645.3zm213.5-394.6c-26.5 0-47.9 21.4-47.9 47.9s21.4 47.9 47.9 47.9 47.9-21.3 47.9-47.9a47.84 47.84 0 0 0-47.9-47.9zM911.8 512c0-55.2.5-109.9-2.6-165-3.1-64-17.7-120.8-64.5-167.6-46.9-46.9-103.6-61.4-167.6-64.5-55.2-3.1-109.9-2.6-165-2.6-55.2 0-109.9-.5-165 2.6-64 3.1-120.8 17.7-167.6 64.5C132.6 226.3 118.1 283 115 347c-3.1 55.2-2.6 109.9-2.6 165s-.5 109.9 2.6 165c3.1 64 17.7 120.8 64.5 167.6 46.9 46.9 103.6 61.4 167.6 64.5 55.2 3.1 109.9 2.6 165 2.6 55.2 0 109.9.5 165-2.6 64-3.1 120.8-17.7 167.6-64.5 46.9-46.9 61.4-103.6 64.5-167.6 3.2-55.1 2.6-109.8 2.6-165zm-88 235.8c-7.3 18.2-16.1 31.8-30.2 45.8-14.1 14.1-27.6 22.9-45.8 30.2C695.2 844.7 570.3 840 512 840c-58.3 0-183.3 4.7-235.9-16.1-18.2-7.3-31.8-16.1-45.8-30.2-14.1-14.1-22.9-27.6-30.2-45.8C179.3 695.2 184 570.3 184 512c0-58.3-4.7-183.3 16.1-235.9 7.3-18.2 16.1-31.8 30.2-45.8s27.6-22.9 45.8-30.2C328.7 179.3 453.7 184 512 184s183.3-4.7 235.9 16.1c18.2 7.3 31.8 16.1 45.8 30.2 14.1 14.1 22.9 27.6 30.2 45.8C844.7 328.7 840 453.7 840 512c0 58.3 4.7 183.2-16.2 235.8z\\"></path></svg></a></footer></div>"`;

exports[`Contact matches snapshot 1`] = `"<div class=\\"layout\\"><main class=\\"main\\"><header class=\\"header\\"><a class=\\"hover:no-underline hover:text-slate-500 active:text-slate-600 font-medium text-slate-400 self-start -m-1\\"><h2 class=\\"text-3xl \\">Dan Molloy</h2></a><button class=\\"menu-icon\\" data-testid=\\"menu-icon\\"><svg width=\\"30\\" height=\\"22\\" class=\\"m-2\\"><rect style=\\"transform: scaleX(1) translate(0px, 0px) rotate(0deg);\\" width=\\"30\\" height=\\"2\\" rx=\\"2\\"></rect><rect style=\\"opacity: 1;\\" y=\\"8\\" width=\\"30\\" height=\\"2\\" rx=\\"2\\"></rect><rect style=\\"transform: scaleX(1) translate(0px, 0px) rotate(0deg);\\" y=\\"17\\" width=\\"30\\" height=\\"2\\" rx=\\"2\\"></rect></svg></button></header><div class=\\"body\\"><h1 class=\\"title\\">Contact</h1><form action=\\"#\\" class=\\"form\\"><label for=\\"name-input\\" class=\\"formLabel\\">Name</label><input name=\\"name\\" id=\\"name-input\\" class=\\"form-input\\" type=\\"text\\" value=\\"\\"><label for=\\"email-input\\" class=\\"formLabel\\">Email</label><input name=\\"email\\" id=\\"email\\" class=\\"form-input\\" type=\\"email\\" value=\\"\\"><label for=\\"msg-text\\" class=\\"formLabel\\">Message</label><input name=\\"message\\" id=\\"msg-text\\" class=\\"text-input\\" type=\\"text\\" value=\\"\\"><button id=\\"submit-button\\" type=\\"submit\\" class=\\"submit-btn\\">Submit</button><div></div></form></div></main><footer class=\\"footer\\"><a target=\\"_blank\\"><svg stroke=\\"currentColor\\" fill=\\"currentColor\\" stroke-width=\\"0\\" viewBox=\\"0 0 1024 1024\\" class=\\"react-icons\\" height=\\"1em\\" width=\\"1em\\" xmlns=\\"http://www.w3.org/2000/svg\\"><path d=\\"M511.6 76.3C264.3 76.2 64 276.4 64 523.5 64 718.9 189.3 885 363.8 946c23.5 5.9 19.9-10.8 19.9-22.2v-77.5c-135.7 15.9-141.2-73.9-150.3-88.9C215 726 171.5 718 184.5 703c30.9-15.9 62.4 4 98.9 57.9 26.4 39.1 77.9 32.5 104 26 5.7-23.5 17.9-44.5 34.7-60.8-140.6-25.2-199.2-111-199.2-213 0-49.5 16.3-95 48.3-131.7-20.4-60.5 1.9-112.3 4.9-120 58.1-5.2 118.5 41.6 123.2 45.3 33-8.9 70.7-13.6 112.9-13.6 42.4 0 80.2 4.9 113.5 13.9 11.3-8.6 67.3-48.8 121.3-43.9 2.9 7.7 24.7 58.3 5.5 118 32.4 36.8 48.9 82.7 48.9 132.3 0 102.2-59 188.1-200 212.9a127.5 127.5 0 0 1 38.1 91v112.5c.8 9 0 17.9 15 17.9 177.1-59.7 304.6-227 304.6-424.1 0-247.2-200.4-447.3-447.5-447.3z\\"></path></svg></a><a target=\\"_blank\\"><svg stroke=\\"currentColor\\" fill=\\"currentColor\\" stroke-width=\\"0\\" viewBox=\\"0 0 1024 1024\\" class=\\"react-icons\\" height=\\"1em\\" width=\\"1em\\" xmlns=\\"http://www.w3.org/2000/svg\\"><path d=\\"M928 254.3c-30.6 13.2-63.9 22.7-98.2 26.4a170.1 170.1 0 0 0 75-94 336.64 336.64 0 0 1-108.2 41.2A170.1 170.1 0 0 0 672 174c-94.5 0-170.5 76.6-170.5 170.6 0 13.2 1.6 26.4 4.2 39.1-141.5-7.4-267.7-75-351.6-178.5a169.32 169.32 0 0 0-23.2 86.1c0 59.2 30.1 111.4 76 142.1a172 172 0 0 1-77.1-21.7v2.1c0 82.9 58.6 151.6 136.7 167.4a180.6 180.6 0 0 1-44.9 5.8c-11.1 0-21.6-1.1-32.2-2.6C211 652 273.9 701.1 348.8 702.7c-58.6 45.9-132 72.9-211.7 72.9-14.3 0-27.5-.5-41.2-2.1C171.5 822 261.2 850 357.8 850 671.4 850 843 590.2 843 364.7c0-7.4 0-14.8-.5-22.2 33.2-24.3 62.3-54.4 85.5-88.2z\\"></path></svg></a><a target=\\"_blank\\"><svg stroke=\\"currentColor\\" fill=\\"currentColor\\" stroke-width=\\"0\\" viewBox=\\"0 0 1024 1024\\" class=\\"react-icons\\" height=\\"1em\\" width=\\"1em\\" xmlns=\\"http://www.w3.org/2000/svg\\"><path d=\\"M512 306.9c-113.5 0-205.1 91.6-205.1 205.1S398.5 717.1 512 717.1 717.1 625.5 717.1 512 625.5 306.9 512 306.9zm0 338.4c-73.4 0-133.3-59.9-133.3-133.3S438.6 378.7 512 378.7 645.3 438.6 645.3 512 585.4 645.3 512 645.3zm213.5-394.6c-26.5 0-47.9 21.4-47.9 47.9s21.4 47.9 47.9 47.9 47.9-21.3 47.9-47.9a47.84 47.84 0 0 0-47.9-47.9zM911.8 512c0-55.2.5-109.9-2.6-165-3.1-64-17.7-120.8-64.5-167.6-46.9-46.9-103.6-61.4-167.6-64.5-55.2-3.1-109.9-2.6-165-2.6-55.2 0-109.9-.5-165 2.6-64 3.1-120.8 17.7-167.6 64.5C132.6 226.3 118.1 283 115 347c-3.1 55.2-2.6 109.9-2.6 165s-.5 109.9 2.6 165c3.1 64 17.7 120.8 64.5 167.6 46.9 46.9 103.6 61.4 167.6 64.5 55.2 3.1 109.9 2.6 165 2.6 55.2 0 109.9.5 165-2.6 64-3.1 120.8-17.7 167.6-64.5 46.9-46.9 61.4-103.6 64.5-167.6 3.2-55.1 2.6-109.8 2.6-165zm-88 235.8c-7.3 18.2-16.1 31.8-30.2 45.8-14.1 14.1-27.6 22.9-45.8 30.2C695.2 844.7 570.3 840 512 840c-58.3 0-183.3 4.7-235.9-16.1-18.2-7.3-31.8-16.1-45.8-30.2-14.1-14.1-22.9-27.6-30.2-45.8C179.3 695.2 184 570.3 184 512c0-58.3-4.7-183.3 16.1-235.9 7.3-18.2 16.1-31.8 30.2-45.8s27.6-22.9 45.8-30.2C328.7 179.3 453.7 184 512 184s183.3-4.7 235.9 16.1c18.2 7.3 31.8 16.1 45.8 30.2 14.1 14.1 22.9 27.6 30.2 45.8C844.7 328.7 840 453.7 840 512c0 58.3 4.7 183.2-16.2 235.8z\\"></path></svg></a></footer></div>"`;

exports[`Home loads 1`] = `"<div class=\\"layout\\"><main class=\\"main\\"><header class=\\"header\\"><a class=\\"invisible\\"><h2 class=\\"text-3xl \\">Dan Molloy</h2></a><button class=\\"menu-icon\\" data-testid=\\"menu-icon\\"><svg width=\\"30\\" height=\\"22\\" class=\\"m-2\\"><rect style=\\"transform: scaleX(1) translate(0px, 0px) rotate(0deg);\\" width=\\"30\\" height=\\"2\\" rx=\\"2\\"></rect><rect style=\\"opacity: 1;\\" y=\\"8\\" width=\\"30\\" height=\\"2\\" rx=\\"2\\"></rect><rect style=\\"transform: scaleX(1) translate(0px, 0px) rotate(0deg);\\" y=\\"17\\" width=\\"30\\" height=\\"2\\" rx=\\"2\\"></rect></svg></button></header><div class=\\"body\\"><div class=\\"main\\"><h1 class=\\"font-semibold\\">Hi, I'm Dan.</h1><h2 class=\\"font-light h-36 sm:h-auto\\">I am a <span class=\\"text-orange-500 font-semibold\\"></span></h2><div class=\\"self-center mt-4\\"><span style=\\"box-sizing: border-box; display: inline-block; overflow: hidden; background: none; opacity: 1; border: 0px; margin: 0px; padding: 0px; position: relative; max-width: 100%;\\"><span style=\\"box-sizing: border-box; display: block; background: none; opacity: 1; border: 0px; margin: 0px; padding: 0px; max-width: 100%;\\"><img style=\\"display: block; max-width: 100%; background: none; opacity: 1; border: 0px; margin: 0px; padding: 0px;\\" alt=\\"\\" aria-hidden=\\"true\\" src=\\"data:image/svg+xml,%3csvg%20xmlns=%27http://www.w3.org/2000/svg%27%20version=%271.1%27%20width=%27500%27%20height=%27600%27/%3e\\"></span><img src=\\"data:image/gif;base64,R0lGODlhAQABAIAAAAAAAP///yH5BAEAAAAALAAAAAABAAEAAAIBRAA7\\" decoding=\\"async\\" data-nimg=\\"intrinsic\\" style=\\"position: absolute; top: 0px; left: 0px; bottom: 0px; right: 0px; box-sizing: border-box; padding: 0px; margin: auto; display: block; width: 0px; height: 0px; min-width: 100%; max-width: 100%; min-height: 100%; max-height: 100%;\\"><noscript></noscript></span></div></div></div></main><footer class=\\"footer\\"><a target=\\"_blank\\"><svg stroke=\\"currentColor\\" fill=\\"currentColor\\" stroke-width=\\"0\\" viewBox=\\"0 0 1024 1024\\" class=\\"react-icons\\" height=\\"1em\\" width=\\"1em\\" xmlns=\\"http://www.w3.org/2000/svg\\"><path d=\\"M511.6 76.3C264.3 76.2 64 276.4 64 523.5 64 718.9 189.3 885 363.8 946c23.5 5.9 19.9-10.8 19.9-22.2v-77.5c-135.7 15.9-141.2-73.9-150.3-88.9C215 726 171.5 718 184.5 703c30.9-15.9 62.4 4 98.9 57.9 26.4 39.1 77.9 32.5 104 26 5.7-23.5 17.9-44.5 34.7-60.8-140.6-25.2-199.2-111-199.2-213 0-49.5 16.3-95 48.3-131.7-20.4-60.5 1.9-112.3 4.9-120 58.1-5.2 118.5 41.6 123.2 45.3 33-8.9 70.7-13.6 112.9-13.6 42.4 0 80.2 4.9 113.5 13.9 11.3-8.6 67.3-48.8 121.3-43.9 2.9 7.7 24.7 58.3 5.5 118 32.4 36.8 48.9 82.7 48.9 132.3 0 102.2-59 188.1-200 212.9a127.5 127.5 0 0 1 38.1 91v112.5c.8 9 0 17.9 15 17.9 177.1-59.7 304.6-227 304.6-424.1 0-247.2-200.4-447.3-447.5-447.3z\\"></path></svg></a><a target=\\"_blank\\"><svg stroke=\\"currentColor\\" fill=\\"currentColor\\" stroke-width=\\"0\\" viewBox=\\"0 0 1024 1024\\" class=\\"react-icons\\" height=\\"1em\\" width=\\"1em\\" xmlns=\\"http://www.w3.org/2000/svg\\"><path d=\\"M928 254.3c-30.6 13.2-63.9 22.7-98.2 26.4a170.1 170.1 0 0 0 75-94 336.64 336.64 0 0 1-108.2 41.2A170.1 170.1 0 0 0 672 174c-94.5 0-170.5 76.6-170.5 170.6 0 13.2 1.6 26.4 4.2 39.1-141.5-7.4-267.7-75-351.6-178.5a169.32 169.32 0 0 0-23.2 86.1c0 59.2 30.1 111.4 76 142.1a172 172 0 0 1-77.1-21.7v2.1c0 82.9 58.6 151.6 136.7 167.4a180.6 180.6 0 0 1-44.9 5.8c-11.1 0-21.6-1.1-32.2-2.6C211 652 273.9 701.1 348.8 702.7c-58.6 45.9-132 72.9-211.7 72.9-14.3 0-27.5-.5-41.2-2.1C171.5 822 261.2 850 357.8 850 671.4 850 843 590.2 843 364.7c0-7.4 0-14.8-.5-22.2 33.2-24.3 62.3-54.4 85.5-88.2z\\"></path></svg></a><a target=\\"_blank\\"><svg stroke=\\"currentColor\\" fill=\\"currentColor\\" stroke-width=\\"0\\" viewBox=\\"0 0 1024 1024\\" class=\\"react-icons\\" height=\\"1em\\" width=\\"1em\\" xmlns=\\"http://www.w3.org/2000/svg\\"><path d=\\"M512 306.9c-113.5 0-205.1 91.6-205.1 205.1S398.5 717.1 512 717.1 717.1 625.5 717.1 512 625.5 306.9 512 306.9zm0 338.4c-73.4 0-133.3-59.9-133.3-133.3S438.6 378.7 512 378.7 645.3 438.6 645.3 512 585.4 645.3 512 645.3zm213.5-394.6c-26.5 0-47.9 21.4-47.9 47.9s21.4 47.9 47.9 47.9 47.9-21.3 47.9-47.9a47.84 47.84 0 0 0-47.9-47.9zM911.8 512c0-55.2.5-109.9-2.6-165-3.1-64-17.7-120.8-64.5-167.6-46.9-46.9-103.6-61.4-167.6-64.5-55.2-3.1-109.9-2.6-165-2.6-55.2 0-109.9-.5-165 2.6-64 3.1-120.8 17.7-167.6 64.5C132.6 226.3 118.1 283 115 347c-3.1 55.2-2.6 109.9-2.6 165s-.5 109.9 2.6 165c3.1 64 17.7 120.8 64.5 167.6 46.9 46.9 103.6 61.4 167.6 64.5 55.2 3.1 109.9 2.6 165 2.6 55.2 0 109.9.5 165-2.6 64-3.1 120.8-17.7 167.6-64.5 46.9-46.9 61.4-103.6 64.5-167.6 3.2-55.1 2.6-109.8 2.6-165zm-88 235.8c-7.3 18.2-16.1 31.8-30.2 45.8-14.1 14.1-27.6 22.9-45.8 30.2C695.2 844.7 570.3 840 512 840c-58.3 0-183.3 4.7-235.9-16.1-18.2-7.3-31.8-16.1-45.8-30.2-14.1-14.1-22.9-27.6-30.2-45.8C179.3 695.2 184 570.3 184 512c0-58.3-4.7-183.3 16.1-235.9 7.3-18.2 16.1-31.8 30.2-45.8s27.6-22.9 45.8-30.2C328.7 179.3 453.7 184 512 184s183.3-4.7 235.9 16.1c18.2 7.3 31.8 16.1 45.8 30.2 14.1 14.1 22.9 27.6 30.2 45.8C844.7 328.7 840 453.7 840 512c0 58.3 4.7 183.2-16.2 235.8z\\"></path></svg></a></footer></div>"`;

exports[`Web Projects matches snapshot 1`] = `"<div class=\\"layout\\"><main class=\\"main\\"><header class=\\"header\\"><a class=\\"hover:no-underline hover:text-slate-500 active:text-slate-600 font-medium text-slate-400 self-start -m-1\\"><h2 class=\\"text-3xl \\">Dan Molloy</h2></a><button class=\\"menu-icon\\" data-testid=\\"menu-icon\\"><svg width=\\"30\\" height=\\"22\\" class=\\"m-2\\"><rect style=\\"transform: scaleX(1) translate(0px, 0px) rotate(0deg);\\" width=\\"30\\" height=\\"2\\" rx=\\"2\\"></rect><rect style=\\"opacity: 1;\\" y=\\"8\\" width=\\"30\\" height=\\"2\\" rx=\\"2\\"></rect><rect style=\\"transform: scaleX(1) translate(0px, 0px) rotate(0deg);\\" y=\\"17\\" width=\\"30\\" height=\\"2\\" rx=\\"2\\"></rect></svg></button></header><div class=\\"body\\"><h1 class=\\"title\\">Projects</h1><a target=\\"_blank\\" class=\\"project-card\\"><h3>Spelling Bee</h3><div class=\\"project-img-text\\"><div class=\\"project-img-div\\"><span style=\\"box-sizing: border-box; display: block; overflow: hidden; background: none; opacity: 1; border: 0px; margin: 0px; padding: 0px; position: absolute; top: 0px; left: 0px; bottom: 0px; right: 0px;\\"><img src=\\"data:image/gif;base64,R0lGODlhAQABAIAAAAAAAP///yH5BAEAAAAALAAAAAABAAEAAAIBRAA7\\" decoding=\\"async\\" data-nimg=\\"fill\\" style=\\"position: absolute; top: 0px; left: 0px; bottom: 0px; right: 0px; box-sizing: border-box; padding: 0px; margin: auto; display: block; width: 0px; height: 0px; min-width: 100%; max-width: 100%; min-height: 100%; max-height: 100%;\\"><noscript></noscript></span></div><div class=\\"project-text\\"><p>A replica of NYT Spelling Bee game, connecting to NYT source code. </p><div class=\\"project-links\\"><a target=\\"_blank\\" class=\\"blue-links\\">Live Example</a><a target=\\"_blank\\" class=\\"blue-links\\">Code</a></div></div><ul class=\\"hidden sm:flex flex-col w-1/5 text-slate-500 ml-2\\"><li>Next.js</li><li>Tailwind</li><li>Jest</li></ul></div></a><a target=\\"_blank\\" class=\\"project-card\\"><h3>Online Store</h3><div class=\\"project-img-text\\"><div class=\\"project-img-div\\"><span style=\\"box-sizing: border-box; display: block; overflow: hidden; background: none; opacity: 1; border: 0px; margin: 0px; padding: 0px; position: absolute; top: 0px; left: 0px; bottom: 0px; right: 0px;\\"><img src=\\"data:image/gif;base64,R0lGODlhAQABAIAAAAAAAP///yH5BAEAAAAALAAAAAABAAEAAAIBRAA7\\" decoding=\\"async\\" data-nimg=\\"fill\\" style=\\"position: absolute; top: 0px; left: 0px; bottom: 0px; right: 0px; box-sizing: border-box; padding: 0px; margin: auto; display: block; width: 0px; height: 0px; min-width: 100%; max-width: 100%; min-height: 100%; max-height: 100%;\\"><noscript></noscript></span></div><div class=\\"project-text\\"><p>A typical online store, complete with Stripe checkout integration. </p><div class=\\"project-links\\"><a target=\\"_blank\\" class=\\"blue-links\\">Live Example</a><a target=\\"_blank\\" class=\\"blue-links\\">Code</a></div></div><ul class=\\"hidden sm:flex flex-col w-1/5 text-slate-500 ml-2\\"><li>Next.js</li><li>Stripe</li><li>Use-Shopping-Cart</li><li>Tailwind</li></ul></div></a><a target=\\"_blank\\" class=\\"project-card\\"><h3>Twitter Clone</h3><div class=\\"project-img-text\\"><div class=\\"project-img-div\\"><span style=\\"box-sizing: border-box; display: block; overflow: hidden; background: none; opacity: 1; border: 0px; margin: 0px; padding: 0px; position: absolute; top: 0px; left: 0px; bottom: 0px; right: 0px;\\"><img src=\\"data:image/gif;base64,R0lGODlhAQABAIAAAAAAAP///yH5BAEAAAAALAAAAAABAAEAAAIBRAA7\\" decoding=\\"async\\" data-nimg=\\"fill\\" style=\\"position: absolute; top: 0px; left: 0px; bottom: 0px; right: 0px; box-sizing: border-box; padding: 0px; margin: auto; display: block; width: 0px; height: 0px; min-width: 100%; max-width: 100%; min-height: 100%; max-height: 100%;\\"><noscript></noscript></span></div><div class=\\"project-text\\"><p>A full stack social network, complete with authentication, authorization, notifications and direct messaging. Share your thoughts with your friends and interact with them. </p><div class=\\"project-links\\"><a target=\\"_blank\\" class=\\"blue-links\\">Live Example</a><a target=\\"_blank\\" class=\\"blue-links\\">Code</a></div></div><ul class=\\"hidden sm:flex flex-col w-1/5 text-slate-500 ml-2\\"><li>React</li><li>Apollo Client</li><li>TypeScript</li><li>Tailwind</li><li>Jest</li><li>React Router</li><li>Node.js</li><li>Apollo Server</li><li>Prisma</li><li>SQLIte</li></ul></div></a><a target=\\"_blank\\" class=\\"project-card\\"><h3>Battleships</h3><div class=\\"project-img-text\\"><div class=\\"project-img-div\\"><span style=\\"box-sizing: border-box; display: block; overflow: hidden; background: none; opacity: 1; border: 0px; margin: 0px; padding: 0px; position: absolute; top: 0px; left: 0px; bottom: 0px; right: 0px;\\"><img src=\\"data:image/gif;base64,R0lGODlhAQABAIAAAAAAAP///yH5BAEAAAAALAAAAAABAAEAAAIBRAA7\\" decoding=\\"async\\" data-nimg=\\"fill\\" style=\\"position: absolute; top: 0px; left: 0px; bottom: 0px; right: 0px; box-sizing: border-box; padding: 0px; margin: auto; display: block; width: 0px; height: 0px; min-width: 100%; max-width: 100%; min-height: 100%; max-height: 100%;\\"><noscript></noscript></span></div><div class=\\"project-text\\"><p>Play the classic board game against the computer. Go face-to-face with the computer to see who will win the battle. Try and beat the highscores! </p><div class=\\"project-links\\"><a target=\\"_blank\\" class=\\"blue-links\\">Live Example</a><a target=\\"_blank\\" class=\\"blue-links\\">Code</a></div></div><ul class=\\"hidden sm:flex flex-col w-1/5 text-slate-500 ml-2\\"><li>React</li><li>Redux</li><li>Tailwind</li><li>Typescript</li><li>Jest</li><li>Mirage JS</li></ul></div></a></div></main><footer class=\\"footer\\"><a target=\\"_blank\\"><svg stroke=\\"currentColor\\" fill=\\"currentColor\\" stroke-width=\\"0\\" viewBox=\\"0 0 1024 1024\\" class=\\"react-icons\\" height=\\"1em\\" width=\\"1em\\" xmlns=\\"http://www.w3.org/2000/svg\\"><path d=\\"M511.6 76.3C264.3 76.2 64 276.4 64 523.5 64 718.9 189.3 885 363.8 946c23.5 5.9 19.9-10.8 19.9-22.2v-77.5c-135.7 15.9-141.2-73.9-150.3-88.9C215 726 171.5 718 184.5 703c30.9-15.9 62.4 4 98.9 57.9 26.4 39.1 77.9 32.5 104 26 5.7-23.5 17.9-44.5 34.7-60.8-140.6-25.2-199.2-111-199.2-213 0-49.5 16.3-95 48.3-131.7-20.4-60.5 1.9-112.3 4.9-120 58.1-5.2 118.5 41.6 123.2 45.3 33-8.9 70.7-13.6 112.9-13.6 42.4 0 80.2 4.9 113.5 13.9 11.3-8.6 67.3-48.8 121.3-43.9 2.9 7.7 24.7 58.3 5.5 118 32.4 36.8 48.9 82.7 48.9 132.3 0 102.2-59 188.1-200 212.9a127.5 127.5 0 0 1 38.1 91v112.5c.8 9 0 17.9 15 17.9 177.1-59.7 304.6-227 304.6-424.1 0-247.2-200.4-447.3-447.5-447.3z\\"></path></svg></a><a target=\\"_blank\\"><svg stroke=\\"currentColor\\" fill=\\"currentColor\\" stroke-width=\\"0\\" viewBox=\\"0 0 1024 1024\\" class=\\"react-icons\\" height=\\"1em\\" width=\\"1em\\" xmlns=\\"http://www.w3.org/2000/svg\\"><path d=\\"M928 254.3c-30.6 13.2-63.9 22.7-98.2 26.4a170.1 170.1 0 0 0 75-94 336.64 336.64 0 0 1-108.2 41.2A170.1 170.1 0 0 0 672 174c-94.5 0-170.5 76.6-170.5 170.6 0 13.2 1.6 26.4 4.2 39.1-141.5-7.4-267.7-75-351.6-178.5a169.32 169.32 0 0 0-23.2 86.1c0 59.2 30.1 111.4 76 142.1a172 172 0 0 1-77.1-21.7v2.1c0 82.9 58.6 151.6 136.7 167.4a180.6 180.6 0 0 1-44.9 5.8c-11.1 0-21.6-1.1-32.2-2.6C211 652 273.9 701.1 348.8 702.7c-58.6 45.9-132 72.9-211.7 72.9-14.3 0-27.5-.5-41.2-2.1C171.5 822 261.2 850 357.8 850 671.4 850 843 590.2 843 364.7c0-7.4 0-14.8-.5-22.2 33.2-24.3 62.3-54.4 85.5-88.2z\\"></path></svg></a><a target=\\"_blank\\"><svg stroke=\\"currentColor\\" fill=\\"currentColor\\" stroke-width=\\"0\\" viewBox=\\"0 0 1024 1024\\" class=\\"react-icons\\" height=\\"1em\\" width=\\"1em\\" xmlns=\\"http://www.w3.org/2000/svg\\"><path d=\\"M512 306.9c-113.5 0-205.1 91.6-205.1 205.1S398.5 717.1 512 717.1 717.1 625.5 717.1 512 625.5 306.9 512 306.9zm0 338.4c-73.4 0-133.3-59.9-133.3-133.3S438.6 378.7 512 378.7 645.3 438.6 645.3 512 585.4 645.3 512 645.3zm213.5-394.6c-26.5 0-47.9 21.4-47.9 47.9s21.4 47.9 47.9 47.9 47.9-21.3 47.9-47.9a47.84 47.84 0 0 0-47.9-47.9zM911.8 512c0-55.2.5-109.9-2.6-165-3.1-64-17.7-120.8-64.5-167.6-46.9-46.9-103.6-61.4-167.6-64.5-55.2-3.1-109.9-2.6-165-2.6-55.2 0-109.9-.5-165 2.6-64 3.1-120.8 17.7-167.6 64.5C132.6 226.3 118.1 283 115 347c-3.1 55.2-2.6 109.9-2.6 165s-.5 109.9 2.6 165c3.1 64 17.7 120.8 64.5 167.6 46.9 46.9 103.6 61.4 167.6 64.5 55.2 3.1 109.9 2.6 165 2.6 55.2 0 109.9.5 165-2.6 64-3.1 120.8-17.7 167.6-64.5 46.9-46.9 61.4-103.6 64.5-167.6 3.2-55.1 2.6-109.8 2.6-165zm-88 235.8c-7.3 18.2-16.1 31.8-30.2 45.8-14.1 14.1-27.6 22.9-45.8 30.2C695.2 844.7 570.3 840 512 840c-58.3 0-183.3 4.7-235.9-16.1-18.2-7.3-31.8-16.1-45.8-30.2-14.1-14.1-22.9-27.6-30.2-45.8C179.3 695.2 184 570.3 184 512c0-58.3-4.7-183.3 16.1-235.9 7.3-18.2 16.1-31.8 30.2-45.8s27.6-22.9 45.8-30.2C328.7 179.3 453.7 184 512 184s183.3-4.7 235.9 16.1c18.2 7.3 31.8 16.1 45.8 30.2 14.1 14.1 22.9 27.6 30.2 45.8C844.7 328.7 840 453.7 840 512c0 58.3 4.7 183.2-16.2 235.8z\\"></path></svg></a></footer></div>"`;
